python : Traceback (most 
recent call last):
At line:1 char:1
+ python -c "
+ ~~~~~~~~~~~
    + CategoryInfo          
    : NotSpecified: (Trace  
  back (most recent call    
 last)::String) [], Remo    
teException
    + FullyQualifiedErrorId 
    : NativeCommandError
 
  File "C:\Users\Maurya shah
\AppData\Local\Programs\Pyth
on\Python312\Lib\site-packag
es\git\__init__.py", line 
296, in <module>
    refresh()
  File "C:\Users\Maurya shah
\AppData\Local\Programs\Pyth
on\Python312\Lib\site-packag
es\git\__init__.py", line 
287, in refresh
    if not 
Git.refresh(path=path):
           
^^^^^^^^^^^^^^^^^^^^^^
  File "C:\Users\Maurya shah
\AppData\Local\Programs\Pyth
on\Python312\Lib\site-packag
es\git\cmd.py", line 860, 
in refresh
    raise ImportError(err)
ImportError: Bad git 
executable.
The git executable must be 
specified in one of the 
following ways:
    - be included in your 
$PATH
    - be set via 
$GIT_PYTHON_GIT_EXECUTABLE
    - explicitly set via git
.refresh(<full-path-to-git-e
xecutable>)

All git commands will error 
until this is rectified.

This initial message can be 
silenced or aggravated in 
the future by setting the
$GIT_PYTHON_REFRESH 
environment variable. Use 
one of the following values:
    - quiet|q|silence|s|sile
nt|none|n|0: for no message 
or exception
    - 
warn|w|warning|log|l|1: for 
a warning message (logging 
level CRITICAL, displayed 
by default)
    - error|e|exception|rais
e|r|2: for a raised 
exception

Example:
    export 
GIT_PYTHON_REFRESH=quiet


The above exception was the 
direct cause of the 
following exception:

Traceback (most recent call 
last):
  File "<string>", line 4, 
in <module>
  File "C:\Desktop\student 
project analyzer\backend\app
\main.py", line 3, in 
<module>
    from app.routes import 
router
  File "C:\Desktop\student 
project analyzer\backend\app
\routes.py", line 6, in 
<module>
    from app.analyzer 
import analyze_repository
  File "C:\Desktop\student 
project analyzer\backend\app
\analyzer.py", line 5, in 
<module>
    from git import Repo
  File "C:\Users\Maurya shah
\AppData\Local\Programs\Pyth
on\Python312\Lib\site-packag
es\git\__init__.py", line 
298, in <module>
    raise 
ImportError("Failed to 
initialize: 
{0}".format(_exc)) from _exc
ImportError: Failed to 
initialize: Bad git 
executable.
The git executable must be 
specified in one of the 
following ways:
    - be included in your 
$PATH
    - be set via 
$GIT_PYTHON_GIT_EXECUTABLE
    - explicitly set via git
.refresh(<full-path-to-git-e
xecutable>)

All git commands will error 
until this is rectified.

This initial message can be 
silenced or aggravated in 
the future by setting the
$GIT_PYTHON_REFRESH 
environment variable. Use 
one of the following values:
    - quiet|q|silence|s|sile
nt|none|n|0: for no message 
or exception
    - 
warn|w|warning|log|l|1: for 
a warning message (logging 
level CRITICAL, displayed 
by default)
    - error|e|exception|rais
e|r|2: for a raised 
exception

Example:
    export 
GIT_PYTHON_REFRESH=quiet

